[?2004l[?2004h[0;94m[bluetooth][0m# [[0;91mDEL[0m] Device FF:EE:DD:CC:BB:AA Scc424e6b9eb21875C
[?2004l[?2004h[0;94m[bluetooth][0m# [[0;91mDEL[0m] Device AA:BB:CC:DD:EE:FF S4a15fba3fa21e4ceC
[0;94m[bluetooth][0m# [[0;92mNEW[0m] Device AA:BB:CC:DD:EE:FF S4a15fba3fa21e4ceC
[0;94m[bluetooth][0m# [[0;92mNEW[0m] Device FF:EE:DD:CC:BB:AA Scc424e6b9eb21875C
[0;94m[bluetooth][0m# [[0;92mNEW[0m] [1;30mDevice FE:EF:E4:9C:DC:9C FE-EF-E4-9C-DC-9C[0m
[0;94m[bluetooth][0m# [[0;91mDEL[0m] [1;30mDevice FE:EF:E4:9C:DC:9C FE-EF-E4-9C-DC-9C[0m
[0;94m[bluetooth][0m# [[0;92mNEW[0m] [1;30mDevice FE:EF:E4:9C:DC:9C FE-EF-E4-9C-DC-9C[0m
[0;94m[bluetooth][0m# [[0;92mNEW[0m] [1;30mDevice 65:EE:6B:48:82:1E 65-EE-6B-48-82-1E[0m
[0;94m[bluetooth][0m# [[0;91mDEL[0m] [1;30mDevice FE:EF:E4:9C:DC:9C FE-EF-E4-9C-DC-9C[0m
[0;94m[bluetooth][0m# [[0;91mDEL[0m] [1;30mDevice 7E:47:7B:C1:D4:33 7E-47-7B-C1-D4-33[0m
[0;94m[bluetooth][0m# [[0;91mDEL[0m] [1;30mDevice D1:79:D8:E5:3F:77 D1-79-D8-E5-3F-77[0m
[0;94m[bluetooth][0m# [[0;92mNEW[0m] [1;30mDevice D1:79:D8:E5:3F:77 D1-79-D8-E5-3F-77[0m
[0;94m[bluetooth][0m# [[0;92mNEW[0m] [1;30mDevice E1:45:21:93:0A:C4 E1-45-21-93-0A-C4[0m
[0;94m[bluetooth][0m# [[0;91mDEL[0m] [1;30mDevice E1:45:21:93:0A:C4 E1-45-21-93-0A-C4[0m
[0;94m[bluetooth][0m# [[0;92mNEW[0m] [1;30mDevice FE:EF:E4:9C:DC:9C FE-EF-E4-9C-DC-9C[0m
[0;94m[bluetooth][0m# [[0;91mDEL[0m] [1;30mDevice FE:EF:E4:9C:DC:9C FE-EF-E4-9C-DC-9C[0m
[0;94m[bluetooth][0m# [[0;92mNEW[0m] Device 5B:09:8E:D3:BE:D4 5B-09-8E-D3-BE-D4
[0;94m[bluetooth][0m# [[0;92mNEW[0m] Device 4C:E9:D9:AC:9D:2E 4C-E9-D9-AC-9D-2E
[0;94m[bluetooth][0m# [[0;92mNEW[0m] [1;30mDevice FE:EF:E4:9C:DC:9C FE-EF-E4-9C-DC-9C[0m
[0;94m[bluetooth][0m# [[0;91mDEL[0m] Device 43:EE:BF:31:49:B8 43-EE-BF-31-49-B8
[0;94m[bluetooth][0m# [[0;91mDEL[0m] Device 52:67:30:AF:3A:74 52-67-30-AF-3A-74
[0;94m[bluetooth][0m# [[0;91mDEL[0m] [1;30mDevice FE:EF:E4:9C:DC:9C FE-EF-E4-9C-DC-9C[0m
[?2004l[?2004h[0;94m[bluetooth][0m# [[0;91mDEL[0m] Device FF:EE:DD:CC:BB:AA Scc424e6b9eb21875C
[0;94m[bluetooth][0m# [[0;92mNEW[0m] Device FF:EE:DD:CC:BB:AA Scc424e6b9eb21875C
[?2004l[?2004h[0;94m[bluetooth][0m# [[0;91mDEL[0m] Device FF:EE:DD:CC:BB:AA Scc424e6b9eb21875C
[0;94m[bluetooth][0m# [[0;92mNEW[0m] Device 75:70:0D:5C:C5:00 75-70-0D-5C-C5-00
[?2004l[?2004h[0;94m[bluetooth][0m# [[0;91mDEL[0m] Device AA:BB:CC:DD:EE:FF S4a15fba3fa21e4ceC
[0;94m[bluetooth][0m# [[0;92mNEW[0m] Device 4A:A0:6E:33:02:24 4A-A0-6E-33-02-24
[0;94m[bluetooth][0m# [[0;92mNEW[0m] Device AA:BB:CC:DD:EE:FF S4a15fba3fa21e4ceC
[0;94m[bluetooth][0m# [[0;92mNEW[0m] Device FF:EE:DD:CC:BB:AA Scc424e6b9eb21875C
[0;94m[bluetooth][0m# [[0;91mDEL[0m] Device 62:5D:01:D6:E9:1B 62-5D-01-D6-E9-1B
[0;94m[bluetooth][0m# [[0;92mNEW[0m] [1;30mDevice 57:19:BE:30:AF:74 57-19-BE-30-AF-74[0m
[0;94m[bluetooth][0m# [[0;91mDEL[0m] Device 4F:FB:01:75:CF:C6 4F-FB-01-75-CF-C6
[?2004l[?2004h[0;94m[bluetooth][0m# [[0;91mDEL[0m] Device AA:BB:CC:DD:EE:FF S4a15fba3fa21e4ceC
[0;94m[bluetooth][0m# [[0;92mNEW[0m] Device AA:BB:CC:DD:EE:FF S4a15fba3fa21e4ceC
[?2004l[?2004h[0;94m[bluetooth][0m# [[0;91mDEL[0m] Device FF:EE:DD:CC:BB:AA Scc424e6b9eb21875C
[0;94m[bluetooth][0m# [[0;91mDEL[0m] [1;30mDevice 53:3F:49:BA:22:F1 53-3F-49-BA-22-F1[0m
[0;94m[bluetooth][0m# [[0;92mNEW[0m] Device FF:EE:DD:CC:BB:AA Scc424e6b9eb21875C
[0;94m[bluetooth][0m# [[0;92mNEW[0m] [1;30mDevice C2:0E:6A:8F:97:6A C2-0E-6A-8F-97-6A[0m
[0;94m[bluetooth][0m# [[0;92mNEW[0m] [1;30mDevice CC:95:98:AA:B7:D8 CC-95-98-AA-B7-D8[0m
[0;94m[bluetooth][0m# [[0;91mDEL[0m] [1;30mDevice D1:79:D8:E5:3F:77 D1-79-D8-E5-3F-77[0m
[0;94m[bluetooth][0m# [[0;91mDEL[0m] [1;30mDevice F6:89:BF:01:1A:B8 F6-89-BF-01-1A-B8[0m
[0;94m[bluetooth][0m# [[0;92mNEW[0m] [1;30mDevice EE:94:8B:96:09:9F EE-94-8B-96-09-9F[0m
[0;94m[bluetooth][0m# [[0;92mNEW[0m] Device 61:3C:D3:49:BA:C9 61-3C-D3-49-BA-C9
[0;94m[bluetooth][0m# [[0;92mNEW[0m] Device 40:D1:B2:84:A2:83 40-D1-B2-84-A2-83
[0;94m[bluetooth][0m# [[0;91mDEL[0m] [1;30mDevice EE:94:8B:96:09:9F EE-94-8B-96-09-9F[0m
[0;94m[bluetooth][0m# [[0;92mNEW[0m] Device 45:D3:47:5D:D5:92 45-D3-47-5D-D5-92
[0;94m[bluetooth][0m# [[0;91mDEL[0m] Device 40:D1:B2:84:A2:83 40-D1-B2-84-A2-83
[0;94m[bluetooth][0m# [[0;91mDEL[0m] Device 61:3C:D3:49:BA:C9 61-3C-D3-49-BA-C9
[0;94m[bluetooth][0m# [[0;91mDEL[0m] Device 45:D3:47:5D:D5:92 45-D3-47-5D-D5-92
[0;94m[bluetooth][0m# [[0;92mNEW[0m] Device 61:3C:D3:49:BA:C9 61-3C-D3-49-BA-C9
[0;94m[bluetooth][0m# [[0;91mDEL[0m] [1;30mDevice 53:3F:49:BA:22:F1 53-3F-49-BA-22-F1[0m
[0;94m[bluetooth][0m# [[0;92mNEW[0m] Device FF:EE:DD:CC:BB:AA Scc424e6b9eb21875C
[0;94m[bluetooth][0m# [[0;92mNEW[0m] [1;30mDevice C2:0E:6A:8F:97:6A C2-0E-6A-8F-97-6A[0m
[0;94m[bluetooth][0m# [[0;92mNEW[0m] [1;30mDevice CC:95:98:AA:B7:D8 CC-95-98-AA-B7-D8[0m
[0;94m[bluetooth][0m# [[0;91mDEL[0m] [1;30mDevice D1:79:D8:E5:3F:77 D1-79-D8-E5-3F-77[0m
[0;94m[bluetooth][0m# [[0;91mDEL[0m] [1;30mDevice F6:89:BF:01:1A:B8 F6-89-BF-01-1A-B8[0m
[0;94m[bluetooth][0m# [[0;92mNEW[0m] [1;30mDevice EE:94:8B:96:09:9F EE-94-8B-96-09-9F[0m
[0;94m[bluetooth][0m# [[0;92mNEW[0m] Device 61:3C:D3:49:BA:C9 61-3C-D3-49-BA-C9
[0;94m[bluetooth][0m# [[0;92mNEW[0m] Device 40:D1:B2:84:A2:83 40-D1-B2-84-A2-83
[0;94m[bluetooth][0m# [[0;91mDEL[0m] [1;30mDevice EE:94:8B:96:09:9F EE-94-8B-96-09-9F[0m
[0;94m[bluetooth][0m# [[0;92mNEW[0m] Device 45:D3:47:5D:D5:92 45-D3-47-5D-D5-92
[0;94m[bluetooth][0m# [[0;91mDEL[0m] Device 40:D1:B2:84:A2:83 40-D1-B2-84-A2-83
[0;94m[bluetooth][0m# [[0;91mDEL[0m] Device 61:3C:D3:49:BA:C9 61-3C-D3-49-BA-C9
[0;94m[bluetooth][0m# [[0;91mDEL[0m] Device 45:D3:47:5D:D5:92 45-D3-47-5D-D5-92
[0;94m[bluetooth][0m# [[0;92mNEW[0m] Device 61:3C:D3:49:BA:C9 61-3C-D3-49-BA-C9
[0;94m[bluetooth][0m# [[0;92mNEW[0m] Device 6E:56:34:9F:8D:EE 6E-56-34-9F-8D-EE
[0;94m[bluetooth][0m# [[0;91mDEL[0m] Device 6E:56:34:9F:8D:EE 6E-56-34-9F-8D-EE
[0;94m[bluetooth][0m# [[0;92mNEW[0m] Device 6E:56:34:9F:8D:EE 6E-56-34-9F-8D-EE
[0;94m[bluetooth][0m# [[0;91mDEL[0m] [1;30mDevice 53:3F:49:BA:22:F1 53-3F-49-BA-22-F1[0m
[0;94m[bluetooth][0m# [[0;92mNEW[0m] Device FF:EE:DD:CC:BB:AA Scc424e6b9eb21875C
[0;94m[bluetooth][0m# [[0;92mNEW[0m] [1;30mDevice C2:0E:6A:8F:97:6A C2-0E-6A-8F-97-6A[0m
[0;94m[bluetooth][0m# [[0;92mNEW[0m] [1;30mDevice CC:95:98:AA:B7:D8 CC-95-98-AA-B7-D8[0m
[0;94m[bluetooth][0m# [[0;91mDEL[0m] [1;30mDevice D1:79:D8:E5:3F:77 D1-79-D8-E5-3F-77[0m
[0;94m[bluetooth][0m# [[0;91mDEL[0m] [1;30mDevice F6:89:BF:01:1A:B8 F6-89-BF-01-1A-B8[0m
[0;94m[bluetooth][0m# [[0;92mNEW[0m] [1;30mDevice EE:94:8B:96:09:9F EE-94-8B-96-09-9F[0m
[0;94m[bluetooth][0m# [[0;92mNEW[0m] Device 61:3C:D3:49:BA:C9 61-3C-D3-49-BA-C9
[0;94m[bluetooth][0m# [[0;92mNEW[0m] Device 40:D1:B2:84:A2:83 40-D1-B2-84-A2-83
[0;94m[bluetooth][0m# [[0;91mDEL[0m] [1;30mDevice EE:94:8B:96:09:9F EE-94-8B-96-09-9F[0m
[0;94m[bluetooth][0m# [[0;92mNEW[0m] Device 45:D3:47:5D:D5:92 45-D3-47-5D-D5-92
[0;94m[bluetooth][0m# [[0;91mDEL[0m] Device 40:D1:B2:84:A2:83 40-D1-B2-84-A2-83
[0;94m[bluetooth][0m# [[0;91mDEL[0m] Device 61:3C:D3:49:BA:C9 61-3C-D3-49-BA-C9
[0;94m[bluetooth][0m# [[0;91mDEL[0m] Device 45:D3:47:5D:D5:92 45-D3-47-5D-D5-92
[0;94m[bluetooth][0m# [[0;92mNEW[0m] Device 61:3C:D3:49:BA:C9 61-3C-D3-49-BA-C9
[0;94m[bluetooth][0m# [[0;92mNEW[0m] Device 6E:56:34:9F:8D:EE 6E-56-34-9F-8D-EE
[0;94m[bluetooth][0m# [[0;91mDEL[0m] Device 6E:56:34:9F:8D:EE 6E-56-34-9F-8D-EE
[0;94m[bluetooth][0m# [[0;92mNEW[0m] Device 6E:56:34:9F:8D:EE 6E-56-34-9F-8D-EE
[0;94m[bluetooth][0m# [[0;92mNEW[0m] Device 45:D3:47:5D:D5:92 45-D3-47-5D-D5-92
[0;94m[bluetooth][0m# [[0;91mDEL[0m] Device 6E:56:34:9F:8D:EE 6E-56-34-9F-8D-EE
[0;94m[bluetooth][0m# [[0;92mNEW[0m] Device 45:D3:47:5D:D5:92 45-D3-47-5D-D5-92
[0;94m[bluetooth][0m# [[0;91mDEL[0m] Device 40:D1:B2:84:A2:83 40-D1-B2-84-A2-83
[0;94m[bluetooth][0m# [[0;91mDEL[0m] Device 61:3C:D3:49:BA:C9 61-3C-D3-49-BA-C9
[0;94m[bluetooth][0m# [[0;91mDEL[0m] Device 45:D3:47:5D:D5:92 45-D3-47-5D-D5-92
[0;94m[bluetooth][0m# [[0;92mNEW[0m] Device 61:3C:D3:49:BA:C9 61-3C-D3-49-BA-C9
[0;94m[bluetooth][0m# [[0;92mNEW[0m] Device 6E:56:34:9F:8D:EE 6E-56-34-9F-8D-EE
[0;94m[bluetooth][0m# [[0;91mDEL[0m] Device 6E:56:34:9F:8D:EE 6E-56-34-9F-8D-EE
[0;94m[bluetooth][0m# [[0;92mNEW[0m] Device 6E:56:34:9F:8D:EE 6E-56-34-9F-8D-EE
[0;94m[bluetooth][0m# [[0;92mNEW[0m] Device 45:D3:47:5D:D5:92 45-D3-47-5D-D5-92
[0;94m[bluetooth][0m# [[0;91mDEL[0m] Device 6E:56:34:9F:8D:EE 6E-56-34-9F-8D-EE
[0;94m[bluetooth][0m# [[0;92mNEW[0m] Device 45:D3:47:5D:D5:92 45-D3-47-5D-D5-92
[0;94m[bluetooth][0m# [[0;91mDEL[0m] Device 40:D1:B2:84:A2:83 40-D1-B2-84-A2-83
[0;94m[bluetooth][0m# [[0;91mDEL[0m] Device 61:3C:D3:49:BA:C9 61-3C-D3-49-BA-C9
[0;94m[bluetooth][0m# [[0;91mDEL[0m] Device 45:D3:47:5D:D5:92 45-D3-47-5D-D5-92
[0;94m[bluetooth][0m# [[0;92mNEW[0m] Device 61:3C:D3:49:BA:C9 61-3C-D3-49-BA-C9
[0;94m[bluetooth][0m# [[0;92mNEW[0m] Device 6E:56:34:9F:8D:EE 6E-56-34-9F-8D-EE
[0;94m[bluetooth][0m# [[0;91mDEL[0m] Device 6E:56:34:9F:8D:EE 6E-56-34-9F-8D-EE
[0;94m[bluetooth][0m# [[0;92mNEW[0m] Device 6E:56:34:9F:8D:EE 6E-56-34-9F-8D-EE
[0;94m[bluetooth][0m# [[0;92mNEW[0m] Device 45:D3:47:5D:D5:92 45-D3-47-5D-D5-92
[0;94m[bluetooth][0m# [[0;91mDEL[0m] Device 6E:56:34:9F:8D:EE 6E-56-34-9F-8D-EE
[0;94m[bluetooth][0m# [[0;92mNEW[0m] Device 45:D3:47:5D:D5:92 45-D3-47-5D-D5-92
[0;94m[bluetooth][0m# [[0;92mNEW[0m] Device FF:EE:DD:CC:BB:AA Scc424e6b9eb21875C
[0;94m[bluetooth][0m# [[0;91mDEL[0m] Device 40:D1:B2:84:A2:83 40-D1-B2-84-A2-83
[0;94m[bluetooth][0m# [[0;91mDEL[0m] Device 61:3C:D3:49:BA:C9 61-3C-D3-49-BA-C9
[0;94m[bluetooth][0m# [[0;91mDEL[0m] Device 45:D3:47:5D:D5:92 45-D3-47-5D-D5-92
[0;94m[bluetooth][0m# [[0;92mNEW[0m] Device 61:3C:D3:49:BA:C9 61-3C-D3-49-BA-C9
[0;94m[bluetooth][0m# [[0;92mNEW[0m] Device 6E:56:34:9F:8D:EE 6E-56-34-9F-8D-EE
[0;94m[bluetooth][0m# [[0;91mDEL[0m] Device 6E:56:34:9F:8D:EE 6E-56-34-9F-8D-EE
[0;94m[bluetooth][0m# [[0;92mNEW[0m] Device 6E:56:34:9F:8D:EE 6E-56-34-9F-8D-EE
[0;94m[bluetooth][0m# [[0;92mNEW[0m] Device 45:D3:47:5D:D5:92 45-D3-47-5D-D5-92
[0;94m[bluetooth][0m# [[0;91mDEL[0m] Device 6E:56:34:9F:8D:EE 6E-56-34-9F-8D-EE
[0;94m[bluetooth][0m# [[0;92mNEW[0m] Device 45:D3:47:5D:D5:92 45-D3-47-5D-D5-92
[0;94m[bluetooth][0m# [[0;91mDEL[0m] Device 40:D1:B2:84:A2:83 40-D1-B2-84-A2-83
[0;94m[bluetooth][0m# [[0;91mDEL[0m] Device 61:3C:D3:49:BA:C9 61-3C-D3-49-BA-C9
[0;94m[bluetooth][0m# [[0;91mDEL[0m] Device 45:D3:47:5D:D5:92 45-D3-47-5D-D5-92
[0;94m[bluetooth][0m# [[0;92mNEW[0m] Device 61:3C:D3:49:BA:C9 61-3C-D3-49-BA-C9
[0;94m[bluetooth][0m# [[0;92mNEW[0m] Device 6E:56:34:9F:8D:EE 6E-56-34-9F-8D-EE
[0;94m[bluetooth][0m# [[0;91mDEL[0m] Device 6E:56:34:9F:8D:EE 6E-56-34-9F-8D-EE
[0;94m[bluetooth][0m# [[0;92mNEW[0m] Device 6E:56:34:9F:8D:EE 6E-56-34-9F-8D-EE
[0;94m[bluetooth][0m# [[0;92mNEW[0m] Device 45:D3:47:5D:D5:92 45-D3-47-5D-D5-92
[0;94m[bluetooth][0m# [[0;91mDEL[0m] Device 6E:56:34:9F:8D:EE 6E-56-34-9F-8D-EE
[0;94m[bluetooth][0m# [[0;91mDEL[0m] Device 45:D3:47:5D:D5:92 45-D3-47-5D-D5-92
[0;94m[bluetooth][0m# [[0;91mDEL[0m] Device 61:3C:D3:49:BA:C9 61-3C-D3-49-BA-C9
[?2004l[?2004h[0;94m[bluetooth][0m# [[0;91mDEL[0m] Device AA:BB:CC:DD:EE:FF S4a15fba3fa21e4ceC
[0;94m[bluetooth][0m# [[0;92mNEW[0m] Device AA:BB:CC:DD:EE:FF S4a15fba3fa21e4ceC
[?2004l[?2004h[0;94m[bluetooth][0m# [[0;91mDEL[0m] [1;30mDevice FF:EE:DD:CC:BB:AA Scc424e6b9eb21875C[0m
[0;94m[bluetooth][0m# [[0;92mNEW[0m] Device FF:EE:DD:CC:BB:AA Scc424e6b9eb21875C
[0;94m[bluetooth][0m# [[0;92mNEW[0m] [1;30mDevice F0:FF:27:F0:EA:86 F0-FF-27-F0-EA-86[0m
[0;94m[bluetooth][0m# [[0;91mDEL[0m] [1;30mDevice C2:0E:6A:8F:97:6A C2-0E-6A-8F-97-6A[0m
[0;94m[bluetooth][0m# [[0;92mNEW[0m] [1;30mDevice FF:C8:33:7D:11:40 FF-C8-33-7D-11-40[0m
[0;94m[bluetooth][0m# [[0;92mNEW[0m] [1;30mDevice 74:55:45:CE:B3:2C 74-55-45-CE-B3-2C[0m
[0;94m[bluetooth][0m# [[0;91mDEL[0m] [1;30mDevice FF:C8:33:7D:11:40 FF-C8-33-7D-11-40[0m
[0;94m[bluetooth][0m# [[0;91mDEL[0m] [1;30mDevice 65:EE:6B:48:82:1E 65-EE-6B-48-82-1E[0m
[0;94m[bluetooth][0m# [[0;92mNEW[0m] Device 58:EE:15:04:48:5F 58-EE-15-04-48-5F
[0;94m[bluetooth][0m# [[0;92mNEW[0m] Device 69:44:DC:D1:D7:93 69-44-DC-D1-D7-93
[0;94m[bluetooth][0m# [[0;91mDEL[0m] Device 75:70:0D:5C:C5:00 75-70-0D-5C-C5-00
[0;94m[bluetooth][0m# [[0;91mDEL[0m] Device 4A:A0:6E:33:02:24 4A-A0-6E-33-02-24
[0;94m[bluetooth][0m# [[0;92mNEW[0m] [1;30mDevice 40:12:7B:F8:50:F7 40-12-7B-F8-50-F7[0m
[0;94m[bluetooth][0m# [[0;92mNEW[0m] Device 57:22:FE:33:75:C1 57-22-FE-33-75-C1
[0;94m[bluetooth][0m# [[0;92mNEW[0m] Device 53:FF:AC:FE:1C:5F 53-FF-AC-FE-1C-5F
[0;94m[bluetooth][0m# [[0;91mDEL[0m] [1;30mDevice 57:19:BE:30:AF:74 57-19-BE-30-AF-74[0m
[0;94m[bluetooth][0m# [[0;91mDEL[0m] Device 4C:E9:D9:AC:9D:2E 4C-E9-D9-AC-9D-2E
[0;94m[bluetooth][0m# [[0;91mDEL[0m] Device 5B:09:8E:D3:BE:D4 5B-09-8E-D3-BE-D4
[0;94m[bluetooth][0m# [[0;92mNEW[0m] [1;30mDevice D2:B9:20:F4:EE:E6 D2-B9-20-F4-EE-E6[0m
[0;94m[bluetooth][0m# [[0;91mDEL[0m] [1;30mDevice CC:95:98:AA:B7:D8 CC-95-98-AA-B7-D8[0m
[0;94m[bluetooth][0m# [[0;92mNEW[0m] Device 5D:19:91:59:C3:85 5D-19-91-59-C3-85
[0;94m[bluetooth][0m# [[0;91mDEL[0m] Device 5D:19:91:59:C3:85 5D-19-91-59-C3-85
[0;94m[bluetooth][0m# [[0;92mNEW[0m] [1;30mDevice E0:4A:D8:92:0B:B9 E0-4A-D8-92-0B-B9[0m
[0;94m[bluetooth][0m# [[0;91mDEL[0m] [1;30mDevice F0:FF:27:F0:EA:86 F0-FF-27-F0-EA-86[0m
[0;94m[bluetooth][0m# [[0;92mNEW[0m] [1;30mDevice 60:2B:CE:1A:43:EC 60-2B-CE-1A-43-EC[0m
[0;94m[bluetooth][0m# [[0;91mDEL[0m] [1;30mDevice 74:55:45:CE:B3:2C 74-55-45-CE-B3-2C[0m
[0;94m[bluetooth][0m# [[0;92mNEW[0m] Device 5C:D6:F4:EF:47:98 5C-D6-F4-EF-47-98
[0;94m[bluetooth][0m# [[0;91mDEL[0m] Device 5C:D6:F4:EF:47:98 5C-D6-F4-EF-47-98
[0;94m[bluetooth][0m# [[0;91mDEL[0m] [1;30mDevice D2:B9:20:F4:EE:E6 D2-B9-20-F4-EE-E6[0m
[0;94m[bluetooth][0m# [[0;92mNEW[0m] [1;30mDevice D2:B9:20:F4:EE:E6 D2-B9-20-F4-EE-E6[0m
[0;94m[bluetooth][0m# [[0;92mNEW[0m] [1;30mDevice 5E:11:36:47:4A:15 5E-11-36-47-4A-15[0m
[0;94m[bluetooth][0m# [[0;92mNEW[0m] Device 60:8B:D8:B5:2A:14 60-8B-D8-B5-2A-14
[0;94m[bluetooth][0m# [[0;92mNEW[0m] Device 44:C3:9C:9C:0C:FD 44-C3-9C-9C-0C-FD
[0;94m[bluetooth][0m# [[0;91mDEL[0m] [1;30mDevice 40:12:7B:F8:50:F7 40-12-7B-F8-50-F7[0m
[0;94m[bluetooth][0m# [[0;91mDEL[0m] Device 69:44:DC:D1:D7:93 69-44-DC-D1-D7-93
[0;94m[bluetooth][0m# [[0;91mDEL[0m] Device 58:EE:15:04:48:5F 58-EE-15-04-48-5F
[0;94m[bluetooth][0m# [[0;92mNEW[0m] [1;30mDevice C9:D5:1A:89:F3:80 C9-D5-1A-89-F3-80[0m
[0;94m[bluetooth][0m# [[0;92mNEW[0m] Device 45:D3:47:5D:D5:92 45-D3-47-5D-D5-92
[0;94m[bluetooth][0m# [[0;91mDEL[0m] Device 6E:56:34:9F:8D:EE 6E-56-34-9F-8D-EE
[0;94m[bluetooth][0m# [[0;91mDEL[0m] Device 45:D3:47:5D:D5:92 45-D3-47-5D-D5-92
[0;94m[bluetooth][0m# [[0;91mDEL[0m] Device 61:3C:D3:49:BA:C9 61-3C-D3-49-BA-C9
[?2004l[?2004h[0;94m[bluetooth][0m# [[0;91mDEL[0m] Device AA:BB:CC:DD:EE:FF S4a15fba3fa21e4ceC
[0;94m[bluetooth][0m# [[0;92mNEW[0m] Device AA:BB:CC:DD:EE:FF S4a15fba3fa21e4ceC
[?2004l[?2004h[0;94m[bluetooth][0m# [[0;91mDEL[0m] [1;30mDevice FF:EE:DD:CC:BB:AA Scc424e6b9eb21875C[0m
[0;94m[bluetooth][0m# [[0;92mNEW[0m] Device FF:EE:DD:CC:BB:AA Scc424e6b9eb21875C
[0;94m[bluetooth][0m# [[0;92mNEW[0m] [1;30mDevice F0:FF:27:F0:EA:86 F0-FF-27-F0-EA-86[0m
[0;94m[bluetooth][0m# [[0;92mNEW[0m] Device 45:D3:47:5D:D5:92 45-D3-47-5D-D5-92
[0;94m[bluetooth][0m# [[0;91mDEL[0m] Device 40:D1:B2:84:A2:83 40-D1-B2-84-A2-83
[0;94m[bluetooth][0m# [[0;91mDEL[0m] Device 61:3C:D3:49:BA:C9 61-3C-D3-49-BA-C9
[0;94m[bluetooth][0m# [[0;91mDEL[0m] Device 40:D1:B2:84:A2:83 40-D1-B2-84-A2-83
[0;94m[bluetooth][0m# [[0;91mDEL[0m] Device 61:3C:D3:49:BA:C9 61-3C-D3-49-BA-C9
[0;94m[bluetooth][0m# [[0;91mDEL[0m] Device 45:D3:47:5D:D5:92 45-D3-47-5D-D5-92
[0;94m[bluetooth][0m# [[0;92mNEW[0m] Device 61:3C:D3:49:BA:C9 61-3C-D3-49-BA-C9
[0;94m[bluetooth][0m# [[0;92mNEW[0m] Device 6E:56:34:9F:8D:EE 6E-56-34-9F-8D-EE
[0;94m[bluetooth][0m# [[0;91mDEL[0m] Device 6E:56:34:9F:8D:EE 6E-56-34-9F-8D-EE
[0;94m[bluetooth][0m# [[0;92mNEW[0m] Device 6E:56:34:9F:8D:EE 6E-56-34-9F-8D-EE
[0;94m[bluetooth][0m# [[0;92mNEW[0m] Device 45:D3:47:5D:D5:92 45-D3-47-5D-D5-92
[0;94m[bluetooth][0m# [[0;91mDEL[0m] Device 6E:56:34:9F:8D:EE 6E-56-34-9F-8D-EE
[0;94m[bluetooth][0m# [[0;92mNEW[0m] Device 45:D3:47:5D:D5:92 45-D3-47-5D-D5-92
[0;94m[bluetooth][0m# [[0;91mDEL[0m] Device 40:D1:B2:84:A2:83 40-D1-B2-84-A2-83
[0;94m[bluetooth][0m# [[0;91mDEL[0m] Device 61:3C:D3:49:BA:C9 61-3C-D3-49-BA-C9
[0;94m[bluetooth][0m# [[0;91mDEL[0m] Device 45:D3:47:5D:D5:92 45-D3-47-5D-D5-92
[0;94m[bluetooth][0m# [[0;92mNEW[0m] Device 61:3C:D3:49:BA:C9 61-3C-D3-49-BA-C9
[0;94m[bluetooth][0m# [[0;92mNEW[0m] Device 6E:56:34:9F:8D:EE 6E-56-34-9F-8D-EE
[0;94m[bluetooth][0m# [[0;91mDEL[0m] Device 45:D3:47:5D:D5:92 45-D3-47-5D-D5-92
[0;94m[bluetooth][0m# [[0;92mNEW[0m] Device 61:3C:D3:49:BA:C9 61-3C-D3-49-BA-C9
[0;94m[bluetooth][0m# [[0;92mNEW[0m] Device 6E:56:34:9F:8D:EE 6E-56-34-9F-8D-EE
[0;94m[bluetooth][0m# [[0;91mDEL[0m] Device 6E:56:34:9F:8D:EE 6E-56-34-9F-8D-EE
[0;94m[bluetooth][0m# [[0;92mNEW[0m] Device 6E:56:34:9F:8D:EE 6E-56-34-9F-8D-EE
[0;94m[bluetooth][0m# [[0;92mNEW[0m] Device 45:D3:47:5D:D5:92 45-D3-47-5D-D5-92
[0;94m[bluetooth][0m# [[0;91mDEL[0m] Device 6E:56:34:9F:8D:EE 6E-56-34-9F-8D-EE
[0;94m[bluetooth][0m# [[0;91mDEL[0m] [1;30mDevice C2:0E:6A:8F:97:6A C2-0E-6A-8F-97-6A[0m
[0;94m[bluetooth][0m# [[0;92mNEW[0m] [1;30mDevice FF:C8:33:7D:11:40 FF-C8-33-7D-11-40[0m
[0;94m[bluetooth][0m# [[0;92mNEW[0m] [1;30mDevice 74:55:45:CE:B3:2C 74-55-45-CE-B3-2C[0m
[0;94m[bluetooth][0m# [[0;91mDEL[0m] [1;30mDevice FF:C8:33:7D:11:40 FF-C8-33-7D-11-40[0m
[0;94m[bluetooth][0m# [[0;91mDEL[0m] [1;30mDevice 65:EE:6B:48:82:1E 65-EE-6B-48-82-1E[0m
[0;94m[bluetooth][0m# [[0;92mNEW[0m] Device 58:EE:15:04:48:5F 58-EE-15-04-48-5F
[0;94m[bluetooth][0m# [[0;92mNEW[0m] Device 69:44:DC:D1:D7:93 69-44-DC-D1-D7-93
[0;94m[bluetooth][0m# [[0;91mDEL[0m] Device 75:70:0D:5C:C5:00 75-70-0D-5C-C5-00
[0;94m[bluetooth][0m# [[0;91mDEL[0m] Device 4A:A0:6E:33:02:24 4A-A0-6E-33-02-24
[0;94m[bluetooth][0m# [[0;92mNEW[0m] [1;30mDevice 40:12:7B:F8:50:F7 40-12-7B-F8-50-F7[0m
[0;94m[bluetooth][0m# [[0;92mNEW[0m] Device 57:22:FE:33:75:C1 57-22-FE-33-75-C1
[0;94m[bluetooth][0m# [[0;92mNEW[0m] Device 53:FF:AC:FE:1C:5F 53-FF-AC-FE-1C-5F
[0;94m[bluetooth][0m# [[0;91mDEL[0m] [1;30mDevice 57:19:BE:30:AF:74 57-19-BE-30-AF-74[0m
[0;94m[bluetooth][0m# [[0;91mDEL[0m] Device 4C:E9:D9:AC:9D:2E 4C-E9-D9-AC-9D-2E
[0;94m[bluetooth][0m# [[0;91mDEL[0m] Device 5B:09:8E:D3:BE:D4 5B-09-8E-D3-BE-D4
[0;94m[bluetooth][0m# [[0;92mNEW[0m] [1;30mDevice D2:B9:20:F4:EE:E6 D2-B9-20-F4-EE-E6[0m
[0;94m[bluetooth][0m# [[0;91mDEL[0m] [1;30mDevice CC:95:98:AA:B7:D8 CC-95-98-AA-B7-D8[0m
[0;94m[bluetooth][0m# [[0;92mNEW[0m] Device 5D:19:91:59:C3:85 5D-19-91-59-C3-85
[0;94m[bluetooth][0m# [[0;91mDEL[0m] Device 5D:19:91:59:C3:85 5D-19-91-59-C3-85
[0;94m[bluetooth][0m# [[0;92mNEW[0m] [1;30mDevice E0:4A:D8:92:0B:B9 E0-4A-D8-92-0B-B9[0m
[0;94m[bluetooth][0m# [[0;91mDEL[0m] [1;30mDevice F0:FF:27:F0:EA:86 F0-FF-27-F0-EA-86[0m
[0;94m[bluetooth][0m# [[0;92mNEW[0m] [1;30mDevice 60:2B:CE:1A:43:EC 60-2B-CE-1A-43-EC[0m
[0;94m[bluetooth][0m# [[0;91mDEL[0m] [1;30mDevice 74:55:45:CE:B3:2C 74-55-45-CE-B3-2C[0m
[0;94m[bluetooth][0m# [[0;92mNEW[0m] Device 5C:D6:F4:EF:47:98 5C-D6-F4-EF-47-98
[0;94m[bluetooth][0m# [[0;91mDEL[0m] Device 5C:D6:F4:EF:47:98 5C-D6-F4-EF-47-98
[0;94m[bluetooth][0m# [[0;91mDEL[0m] [1;30mDevice D2:B9:20:F4:EE:E6 D2-B9-20-F4-EE-E6[0m
[0;94m[bluetooth][0m# [[0;92mNEW[0m] [1;30mDevice D2:B9:20:F4:EE:E6 D2-B9-20-F4-EE-E6[0m
[0;94m[bluetooth][0m# [[0;92mNEW[0m] [1;30mDevice 5E:11:36:47:4A:15 5E-11-36-47-4A-15[0m
[0;94m[bluetooth][0m# [[0;92mNEW[0m] Device 60:8B:D8:B5:2A:14 60-8B-D8-B5-2A-14
[0;94m[bluetooth][0m# [[0;92mNEW[0m] Device 44:C3:9C:9C:0C:FD 44-C3-9C-9C-0C-FD
[0;94m[bluetooth][0m# [[0;91mDEL[0m] [1;30mDevice 40:12:7B:F8:50:F7 40-12-7B-F8-50-F7[0m
[0;94m[bluetooth][0m# [[0;91mDEL[0m] Device 69:44:DC:D1:D7:93 69-44-DC-D1-D7-93
[0;94m[bluetooth][0m# [[0;91mDEL[0m] Device 58:EE:15:04:48:5F 58-EE-15-04-48-5F
[0;94m[bluetooth][0m# [[0;92mNEW[0m] [1;30mDevice C9:D5:1A:89:F3:80 C9-D5-1A-89-F3-80[0m
[0;94m[bluetooth][0m# [[0;92mNEW[0m] Device 6E:56:34:9F:8D:EE 6E-56-34-9F-8D-EE
[0;94m[bluetooth][0m# [[0;91mDEL[0m] Device 6E:56:34:9F:8D:EE 6E-56-34-9F-8D-EE
[0;94m[bluetooth][0m# [[0;92mNEW[0m] Device 6E:56:34:9F:8D:EE 6E-56-34-9F-8D-EE
[0;94m[bluetooth][0m# [[0;92mNEW[0m] Device 45:D3:47:5D:D5:92 45-D3-47-5D-D5-92
[0;94m[bluetooth][0m# [[0;91mDEL[0m] Device 6E:56:34:9F:8D:EE 6E-56-34-9F-8D-EE
[0;94m[bluetooth][0m# [[0;91mDEL[0m] Device 45:D3:47:5D:D5:92 45-D3-47-5D-D5-92
[0;94m[bluetooth][0m# [[0;91mDEL[0m] Device 61:3C:D3:49:BA:C9 61-3C-D3-49-BA-C9
[?2004l[?2004h[0;94m[bluetooth][0m# [[0;91mDEL[0m] Device AA:BB:CC:DD:EE:FF S4a15fba3fa21e4ceC
[0;94m[bluetooth][0m# [[0;92mNEW[0m] Device AA:BB:CC:DD:EE:FF S4a15fba3fa21e4ceC
[?2004l[?2004h[0;94m[bluetooth][0m# [[0;91mDEL[0m] [1;30mDevice FF:EE:DD:CC:BB:AA Scc424e6b9eb21875C[0m
[0;94m[bluetooth][0m# [[0;91mDEL[0m] Device 40:D1:B2:84:A2:83 40-D1-B2-84-A2-83
[0;94m[bluetooth][0m# [[0;91mDEL[0m] Device 61:3C:D3:49:BA:C9 61-3C-D3-49-BA-C9
[0;94m[bluetooth][0m# [[0;91mDEL[0m] Device 45:D3:47:5D:D5:92 45-D3-47-5D-D5-92
[0;94m[bluetooth][0m# [[0;92mNEW[0m] Device 61:3C:D3:49:BA:C9 61-3C-D3-49-BA-C9
[0;94m[bluetooth][0m# [[0;92mNEW[0m] Device 6E:56:34:9F:8D:EE 6E-56-34-9F-8D-EE
[0;94m[bluetooth][0m# [[0;91mDEL[0m] Device 6E:56:34:9F:8D:EE 6E-56-34-9F-8D-EE
[0;94m[bluetooth][0m# [[0;92mNEW[0m] Device 6E:56:34:9F:8D:EE 6E-56-34-9F-8D-EE
[0;94m[bluetooth][0m# [[0;92mNEW[0m] Device 45:D3:47:5D:D5:92 45-D3-47-5D-D5-92
[0;94m[bluetooth][0m# [[0;91mDEL[0m] Device 6E:56:34:9F:8D:EE 6E-56-34-9F-8D-EE
[0;94m[bluetooth][0m# [[0;92mNEW[0m] Device 45:D3:47:5D:D5:92 45-D3-47-5D-D5-92
[0;94m[bluetooth][0m# [[0;91mDEL[0m] Device 40:D1:B2:84:A2:83 40-D1-B2-84-A2-83
[0;94m[bluetooth][0m# [[0;91mDEL[0m] Device 61:3C:D3:49:BA:C9 61-3C-D3-49-BA-C9
[0;94m[bluetooth][0m# [[0;91mDEL[0m] Device 45:D3:47:5D:D5:92 45-D3-47-5D-D5-92
[0;94m[bluetooth][0m# [[0;92mNEW[0m] Device 61:3C:D3:49:BA:C9 61-3C-D3-49-BA-C9
[0;94m[bluetooth][0m# [[0;92mNEW[0m] Device 6E:56:34:9F:8D:EE 6E-56-34-9F-8D-EE
[0;94m[bluetooth][0m# [[0;92mNEW[0m] Device FF:EE:DD:CC:BB:AA Scc424e6b9eb21875C
[0;94m[bluetooth][0m# [[0;92mNEW[0m] [1;30mDevice F0:FF:27:F0:EA:86 F0-FF-27-F0-EA-86[0m
[0;94m[bluetooth][0m# [[0;91mDEL[0m] [1;30mDevice C2:0E:6A:8F:97:6A C2-0E-6A-8F-97-6A[0m
[0;94m[bluetooth][0m# [[0;92mNEW[0m] [1;30mDevice FF:C8:33:7D:11:40 FF-C8-33-7D-11-40[0m
[0;94m[bluetooth][0m# [[0;92mNEW[0m] [1;30mDevice 74:55:45:CE:B3:2C 74-55-45-CE-B3-2C[0m
[0;94m[bluetooth][0m# [[0;91mDEL[0m] [1;30mDevice FF:C8:33:7D:11:40 FF-C8-33-7D-11-40[0m
[0;94m[bluetooth][0m# [[0;91mDEL[0m] [1;30mDevice 65:EE:6B:48:82:1E 65-EE-6B-48-82-1E[0m
[0;94m[bluetooth][0m# [[0;92mNEW[0m] Device 58:EE:15:04:48:5F 58-EE-15-04-48-5F
[0;94m[bluetooth][0m# [[0;92mNEW[0m] Device 69:44:DC:D1:D7:93 69-44-DC-D1-D7-93
[0;94m[bluetooth][0m# [[0;91mDEL[0m] Device 75:70:0D:5C:C5:00 75-70-0D-5C-C5-00
[0;94m[bluetooth][0m# [[0;91mDEL[0m] Device 4A:A0:6E:33:02:24 4A-A0-6E-33-02-24
[0;94m[bluetooth][0m# [[0;92mNEW[0m] [1;30mDevice 40:12:7B:F8:50:F7 40-12-7B-F8-50-F7[0m
[0;94m[bluetooth][0m# [[0;92mNEW[0m] Device 57:22:FE:33:75:C1 57-22-FE-33-75-C1
[0;94m[bluetooth][0m# [[0;92mNEW[0m] Device 53:FF:AC:FE:1C:5F 53-FF-AC-FE-1C-5F
[0;94m[bluetooth][0m# [[0;91mDEL[0m] [1;30mDevice 57:19:BE:30:AF:74 57-19-BE-30-AF-74[0m
[0;94m[bluetooth][0m# [[0;91mDEL[0m] Device 4C:E9:D9:AC:9D:2E 4C-E9-D9-AC-9D-2E
[0;94m[bluetooth][0m# [[0;91mDEL[0m] Device 5B:09:8E:D3:BE:D4 5B-09-8E-D3-BE-D4
[0;94m[bluetooth][0m# [[0;92mNEW[0m] [1;30mDevice D2:B9:20:F4:EE:E6 D2-B9-20-F4-EE-E6[0m
[0;94m[bluetooth][0m# [[0;91mDEL[0m] [1;30mDevice CC:95:98:AA:B7:D8 CC-95-98-AA-B7-D8[0m
[0;94m[bluetooth][0m# [[0;92mNEW[0m] Device 5D:19:91:59:C3:85 5D-19-91-59-C3-85
[0;94m[bluetooth][0m# [[0;91mDEL[0m] Device 5D:19:91:59:C3:85 5D-19-91-59-C3-85
[0;94m[bluetooth][0m# [[0;92mNEW[0m] [1;30mDevice E0:4A:D8:92:0B:B9 E0-4A-D8-92-0B-B9[0m
[0;94m[bluetooth][0m# [[0;91mDEL[0m] [1;30mDevice F0:FF:27:F0:EA:86 F0-FF-27-F0-EA-86[0m
[0;94m[bluetooth][0m# [[0;92mNEW[0m] [1;30mDevice 60:2B:CE:1A:43:EC 60-2B-CE-1A-43-EC[0m
[0;94m[bluetooth][0m# [[0;91mDEL[0m] [1;30mDevice 74:55:45:CE:B3:2C 74-55-45-CE-B3-2C[0m
[0;94m[bluetooth][0m# [[0;92mNEW[0m] Device 5C:D6:F4:EF:47:98 5C-D6-F4-EF-47-98
[0;94m[bluetooth][0m# [[0;91mDEL[0m] Device 5C:D6:F4:EF:47:98 5C-D6-F4-EF-47-98
[0;94m[bluetooth][0m# [[0;91mDEL[0m] [1;30mDevice D2:B9:20:F4:EE:E6 D2-B9-20-F4-EE-E6[0m
[0;94m[bluetooth][0m# [[0;92mNEW[0m] [1;30mDevice D2:B9:20:F4:EE:E6 D2-B9-20-F4-EE-E6[0m
[0;94m[bluetooth][0m# [[0;92mNEW[0m] [1;30mDevice 5E:11:36:47:4A:15 5E-11-36-47-4A-15[0m
[0;94m[bluetooth][0m# [[0;92mNEW[0m] Device 60:8B:D8:B5:2A:14 60-8B-D8-B5-2A-14
[0;94m[bluetooth][0m# [[0;92mNEW[0m] Device 44:C3:9C:9C:0C:FD 44-C3-9C-9C-0C-FD
[0;94m[bluetooth][0m# [[0;91mDEL[0m] [1;30mDevice 40:12:7B:F8:50:F7 40-12-7B-F8-50-F7[0m
[0;94m[bluetooth][0m# [[0;91mDEL[0m] Device 69:44:DC:D1:D7:93 69-44-DC-D1-D7-93
[0;94m[bluetooth][0m# [[0;91mDEL[0m] Device 58:EE:15:04:48:5F 58-EE-15-04-48-5F
[0;94m[bluetooth][0m# [[0;92mNEW[0m] [1;30mDevice C9:D5:1A:89:F3:80 C9-D5-1A-89-F3-80[0m
